// Jest Snapshot v1, https://goo.gl/fbAQLP

exports[`should render PageNotFound page 1`] = `
<div>
  404!- 
  <Link
    replace={false}
    to="/"
  >
    Go home
  </Link>
  <a
    href="/"
  >
    Go
  </a>
</div>
`;
